
> @freellmapi/server@0.2.1 dev
> tsx watch src/index.ts

◇ injected env (0) from ..\.env // tip: ⌘ multiple files { path: ['.env.local', '.env'] }
[crypto] No ENCRYPTION_KEY set — generated and persisted a local dev key. Set ENCRYPTION_KEY for production.
Seeded 25 models and fallback config

  Your unified API key: freellmapi-d079d8b51a32c0b84b87b224716cc4d51ca9f6cddd185d44

Created Default profile
Database initialized at C:\#Projects\LYA\free_llm_api\server\data\freeapi.db
[proxy] Not configured — outbound requests go direct.
Server running on http://[::]:3001
Proxy endpoint: http://[::]:3001/v1/chat/completions
[Health] Starting health checker (every 300s)
[catalog-sync] polling https://api.freellmapi.co every 12h
[catalog-sync] applied monthly v2026.09.18: 44 updated, 224 new, 66 removed, 57 quirks, 53 skipped (unknown platform)
[Health] Checking 0 keys...
[Health] Check complete.
[Health] Checking 0 keys...
[Health] Check complete.
[Health] Checking 0 keys...
[Health] Check complete.
[Health] Checking 0 keys...
[Health] Check complete.
[Health] Checking 0 keys...
[Health] Check complete.
[Health] Checking 0 keys...
[Health] Check complete.
[Health] Checking 0 keys...
[Health] Check complete.
[Health] Checking 0 keys...
[Health] Check complete.
[Health] Checking 0 keys...
[Health] Check complete.
[Health] Checking 0 keys...
[Health] Check complete.
[Health] Checking 0 keys...
[Health] Check complete.
[Health] Checking 0 keys...
[Health] Check complete.
[Health] Checking 0 keys...
[Health] Check complete.
[Health] Checking 0 keys...
[Health] Check complete.
[Health] Checking 0 keys...
[Health] Check complete.
[Health] Checking 0 keys...
[Health] Check complete.
[Health] Checking 0 keys...
[Health] Check complete.
[Health] Checking 0 keys...
[Health] Check complete.
[Health] Checking 0 keys...
[Health] Check complete.
[Health] Checking 0 keys...
[Health] Check complete.
[Health] Checking 0 keys...
[Health] Check complete.
[Health] Checking 0 keys...
[Health] Check complete.
[Health] Checking 0 keys...
[Health] Check complete.
[Health] Checking 0 keys...
[Health] Check complete.
[Health] Checking 0 keys...
[Health] Check complete.
[Health] Checking 0 keys...
[Health] Check complete.
[Health] Checking 0 keys...
[Health] Check complete.
[Health] Checking 0 keys...
[Health] Check complete.
[Health] Checking 0 keys...
[Health] Check complete.
[Health] Checking 0 keys...
[Health] Check complete.
[Health] Checking 0 keys...
[Health] Check complete.
[Health] Checking 0 keys...
[Health] Check complete.
[Health] Checking 0 keys...
[Health] Check complete.
[Health] Checking 0 keys...
[Health] Check complete.
[Health] Checking 0 keys...
[Health] Check complete.
[Health] Checking 0 keys...
[Health] Check complete.
[Health] Checking 0 keys...
[Health] Check complete.
[Health] Checking 0 keys...
[Health] Check complete.
[Health] Checking 0 keys...
[Health] Check complete.
[Health] Checking 0 keys...
[Health] Check complete.
[Health] Checking 0 keys...
[Health] Check complete.
[Health] Checking 0 keys...
[Health] Check complete.
[Health] Checking 0 keys...
[Health] Check complete.
[Health] Checking 0 keys...
[Health] Check complete.
[Health] Checking 0 keys...
[Health] Check complete.
[Health] Checking 0 keys...
[Health] Check complete.
[Health] Checking 0 keys...
[Health] Check complete.
[Health] Checking 0 keys...
[Health] Check complete.
[Health] Checking 0 keys...
[Health] Check complete.
[Health] Checking 0 keys...
[Health] Check complete.
[Health] Checking 0 keys...
[Health] Check complete.
[Health] Checking 0 keys...
[Health] Check complete.
[Health] Checking 0 keys...
[Health] Check complete.
[Health] Checking 0 keys...
[Health] Check complete.
[Health] Checking 0 keys...
[Health] Check complete.
[Health] Checking 0 keys...
[Health] Check complete.
[Health] Checking 0 keys...
[Health] Check complete.
[Health] Checking 0 keys...
[Health] Check complete.
[Health] Checking 0 keys...
[Health] Check complete.
[Health] Checking 0 keys...
[Health] Check complete.
[Health] Checking 0 keys...
[Health] Check complete.
[Health] Checking 0 keys...
[Health] Check complete.
[Health] Checking 0 keys...
[Health] Check complete.
[Health] Checking 0 keys...
[Health] Check complete.
[Health] Checking 0 keys...
[Health] Check complete.
[Health] Checking 0 keys...
[Health] Check complete.
[Health] Checking 0 keys...
[Health] Check complete.
[Health] Checking 0 keys...
[Health] Check complete.
[Health] Checking 0 keys...
[Health] Check complete.
[Health] Checking 0 keys...
[Health] Check complete.
[Health] Checking 0 keys...
[Health] Check complete.
[Health] Checking 0 keys...
[Health] Check complete.
[Health] Checking 0 keys...
[Health] Check complete.
[Health] Checking 0 keys...
[Health] Check complete.
[Health] Checking 0 keys...
[Health] Check complete.
[Health] Checking 0 keys...
[Health] Check complete.
[Health] Checking 0 keys...
[Health] Check complete.
[Health] Checking 0 keys...
[Health] Check complete.
[Health] Checking 0 keys...
[Health] Check complete.
[Health] Checking 0 keys...
[Health] Check complete.
[Health] Checking 0 keys...
[Health] Check complete.
[Health] Checking 0 keys...
[Health] Check complete.
[catalog-sync] fetch failed
[Health] Checking 0 keys...
[Health] Check complete.
[Health] Checking 0 keys...
[Health] Check complete.
[Health] Checking 0 keys...
[Health] Check complete.
[Health] Checking 0 keys...
[Health] Check complete.
[Health] Checking 0 keys...
[Health] Check complete.
[Health] Checking 0 keys...
[Health] Check complete.
[Health] Checking 0 keys...
[Health] Check complete.
[Health] Checking 0 keys...
[Health] Check complete.
[Health] Checking 0 keys...
[Health] Check complete.
[Health] Checking 0 keys...
[Health] Check complete.
[Health] Checking 0 keys...
[Health] Check complete.
[Health] Checking 0 keys...
[Health] Check complete.
[Health] Checking 0 keys...
[Health] Check complete.
[Health] Checking 0 keys...
[Health] Check complete.
[Health] Checking 0 keys...
[Health] Check complete.
[Health] Checking 0 keys...
[Health] Check complete.
[Health] Checking 0 keys...
[Health] Check complete.
[Health] Checking 0 keys...
[Health] Check complete.
